Símbolo         Valor Decimal   Valor Hexadecimal
-------         -------------   -----------------
_KERNEL                     0                   0
_VETTAB                   256                 100
_APP                    32768                8000
_IOAREA16               65408                FF80
_IOAREA08               65472                FFC0
STACK                   65408                FF80
IVET                    65470                FFBE
BACKUP_CHAR             65486                FFCE
CLKST                   65487                FFCF
CLKTM_DS                65489                FFD1
CLKTM                   65491                FFD3
TIMDT                   65495                FFD7
INTS                    65496                FFD8
INTE                    65497                FFD9
TECST                   65498                FFDA
TECDT                   65499                FFDB
VISOR                   65500                FFDC
_RESET                    512                 200
_KBHIT                    594                 252
CONTINUA_KBHIT_0          608                 260
FIM_KBHIT                 612                 264
_GETCHAR                  613                 265
LOOP_GETCHAR              623                 26F
PUT_ORIG                  647                 287
FIM_GETCHAR               657                 291
_PUTCHAR                  672                 2A0
INC_CURSOR                720                 2D0
PUTCHAR_ERROR_EI          728                 2D8
PUTCHAR_ERROR_CD          733                 2DD
PUTCHAR_CR                738                 2E2
PUTCHAR_BS                746                 2EA
FIM_PUTCHAR               768                 300
_GET_CLOCK_STATUS         773                 305
RELOGIO_INEXISTENTE       790                 316
_GET_CLOCK_TIME           795                 31B
FIM_GETTIME_A             831                 33F
FIM_GETTIME               834                 342
_TURNON_CLOCK             839                 347
PAUSAR_CLK                847                 34F
REATIVAR_CLK              857                 359
END_TURNONCLK             863                 35F
_CLR_CLOCK                868                 364
END_CLR_CLK               886                 376
ISR                       891                 37B
ISR2                      929                 3A1
ISR3                      959                 3BF
FIM_ISR                   977                 3D1
ISRTEC                    978                 3D2
SALVA_NO_BUFFER          1036                 40C
ISRTEC_FIM               1042                 412
TROCAR_VIS_0             1051                 41B
TROCAR_VIS_1             1059                 423
TROCAR_VIS               1063                 427
ISRTIM                   1087                 43F
CONTINUA_ISRTIM          1103                 44F
ATUALIZA_TEMPO_CLKS      1113                 459
CONTINUA                 1137                 471
SET_PROX_RELOGIO         1201                 4B1
REDESENHA_CLK            1217                 4C1
FIM_ISRTIM               1227                 4CB
FLAG_REDESENHO           1228                 4CC
CLK_ATUAL                1230                 4CE
LIMPA_VISOR              1232                 4D0
CONTINUA_LV              1238                 4D6
RET_LV                   1252                 4E4
MULTIPLICA               1255                 4E7
MINTOSEG                 1256                 4E8
SOMA_60                  1258                 4EA
REDESENHA_CLKS           1265                 4F1
DESENHA_CLKS             1281                 501
LOOP_DESENHO             1281                 501
UNIDADES                 1311                 51F
DEZENAS                  1321                 529
UNIDADES_DEZENAS         1329                 531
INC_CLK_ATUAL            1377                 561
FIM_REDESENHA_CLKS       1389                 56D
LMP_DISPLAY_CLK          1402                 57A
DRAW_SPACES_CLK          1412                 584
CLK_ATUAL_2              1430                 596
POS_DISPLAY              1432                 598
DIVD_INT_10              1436                 59C
LOOP_DIVD_10             1444                 5A4
FIM_DIVD_10              1464                 5B8
CONT                     1473                 5C1
SAVE_DIVD_10             1475                 5C3
MULTP_INT_10             1477                 5C5
LOOP_MULT_10             1481                 5C9
FIM_MULT_10              1497                 5D9
PROD                     1502                 5DE
POS_CURSOR               1504                 5E0
BUFFER                   1506                 5E2
CR                       1508                 5E4
BS                       1510                 5E6
FALSE                    1512                 5E8
TRUE                     1514                 5EA
FLAG_PISCAR_CURSOR       1516                 5EC
LOOP                    32798                801E
