Símbolo         Valor Decimal   Valor Hexadecimal
-------         -------------   -----------------
_KERNEL                     0                   0
_VETTAB                   256                 100
_APP                    32768                8000
_IOAREA16               65408                FF80
_IOAREA08               65472                FFC0
STACK                   65408                FF80
IVET                    65470                FFBE
CLKST                   65487                FFCF
CLKTM_DS                65489                FFD1
CLKTM                   65491                FFD3
TIMDT                   65495                FFD7
INTS                    65496                FFD8
INTE                    65497                FFD9
TECST                   65498                FFDA
TECDT                   65499                FFDB
VISOR                   65500                FFDC
_RESET                    512                 200
_KBHIT                    580                 244
CONTINUA_KBHIT_0          594                 252
FIM_KBHIT                 598                 256
_GETCHAR                  599                 257
_PUTCHAR                  614                 266
INC_CURSOR                662                 296
PUTCHAR_ERROR_EI          670                 29E
PUTCHAR_ERROR_CD          678                 2A6
PUTCHAR_CR                686                 2AE
PUTCHAR_BS                698                 2BA
FIM_PUTCHAR               724                 2D4
_GET_CLOCK_STATUS         725                 2D5
RELOGIO_INEXISTENTE       742                 2E6
_GET_CLOCK_TIME           747                 2EB
FIM_GETTIME_A             781                 30D
FIM_GETTIME               784                 310
_TURNON_CLOCK             789                 315
PAUSAR_CLK                797                 31D
REATIVAR_CLK              807                 327
END_TURNONCLK             813                 32D
_CLR_CLOCK                818                 332
END_CLR_CLK               836                 344
ISR                       841                 349
ISR2                      873                 369
ISR3                      903                 387
FIM_ISR                   915                 393
ISRTEC                    916                 394
ISRTEC_FIM                939                 3AB
TROCAR_VIS_0              948                 3B4
AC_TROCAR_VIS_0           978                 3D2
TROCAR_VIS_1              992                 3E0
AC_TROCAR_VIS_1          1022                 3FE
ISRTIM                   1036                 40C
ATUALIZA_TEMPO_CLKS      1044                 414
SET_PROX_RELOGIO         1108                 454
REDESENHA_CLK            1124                 464
FIM_ISRTIM               1134                 46E
FLAG_REDESENHO           1135                 46F
CLK_ATUAL                1137                 471
LIMPA_VISOR              1139                 473
CONTINUA_LV              1145                 479
RET_LV                   1159                 487
MULTIPLICA               1162                 48A
MINTOSEG                 1163                 48B
SOMA_60                  1165                 48D
REDESENHA_CLKS           1172                 494
DESENHA_CLKS             1188                 4A4
LOOP_DESENHO             1188                 4A4
UNIDADES                 1218                 4C2
DEZENAS                  1228                 4CC
UNIDADES_DEZENAS         1236                 4D4
INC_CLK_ATUAL            1284                 504
FIM_REDESENHA_CLKS       1296                 510
LMP_DISPLAY_CLK          1309                 51D
DRAW_SPACES_CLK          1319                 527
CLK_ATUAL_2              1337                 539
POS_DISPLAY              1339                 53B
DIVD_INT_10              1343                 53F
LOOP_DIVD_10             1351                 547
FIM_DIVD_10              1371                 55B
CONT                     1380                 564
SAVE_DIVD_10             1382                 566
MULTP_INT_10             1384                 568
LOOP_MULT_10             1388                 56C
FIM_MULT_10              1404                 57C
PROD                     1409                 581
POS_CURSOR               1411                 583
CR                       1413                 585
BS                       1415                 587
FALSE                    1417                 589
TRUE                     1419                 58B
LOOP_2                  32797                801D
FIM_APP                 32808                8028
