Símbolo         Valor Decimal   Valor Hexadecimal
-------         -------------   -----------------
_KERNEL                     0                   0
_VETTAB                   256                 100
_APP                    32768                8000
_IOAREA16               65408                FF80
_IOAREA08               65472                FFC0
STACK                   65408                FF80
IVET                    65470                FFBE
BACKUP_CHAR             65486                FFCE
CLKST                   65487                FFCF
CLKTM_DS                65489                FFD1
CLKTM                   65491                FFD3
TIMDT                   65495                FFD7
INTS                    65496                FFD8
INTE                    65497                FFD9
TECST                   65498                FFDA
TECDT                   65499                FFDB
VISOR                   65500                FFDC
_RESET                    512                 200
_KBHIT                    594                 252
CONTINUA_KBHIT_0          608                 260
FIM_KBHIT                 612                 264
_GETCHAR                  613                 265
LOOP_GETCHAR              623                 26F
PUT_ORIG                  647                 287
FIM_GETCHAR               657                 291
_PUTCHAR                  672                 2A0
INC_CURSOR                720                 2D0
PUTCHAR_ERROR_EI          728                 2D8
PUTCHAR_ERROR_CD          733                 2DD
PUTCHAR_CR                738                 2E2
PUTCHAR_BS                746                 2EA
FIM_PUTCHAR               768                 300
_GET_CLOCK_STATUS         773                 305
RELOGIO_INEXISTENTE       790                 316
_GET_CLOCK_TIME           795                 31B
FIM_GETTIME_A             829                 33D
FIM_GETTIME               832                 340
_TURNON_CLOCK             837                 345
PAUSAR_CLK                845                 34D
REATIVAR_CLK              855                 357
END_TURNONCLK             861                 35D
_CLR_CLOCK                866                 362
END_CLR_CLK               884                 374
ISR                       889                 379
ISR2                      927                 39F
ISR3                      957                 3BD
FIM_ISR                   975                 3CF
ISRTEC                    976                 3D0
SALVA_NO_BUFFER          1034                 40A
ISRTEC_FIM               1040                 410
TROCAR_VIS_0             1049                 419
TROCAR_VIS_1             1057                 421
TROCAR_VIS               1061                 425
ISRTIM                   1085                 43D
CONTINUA_ISRTIM          1101                 44D
ATUALIZA_TEMPO_CLKS      1111                 457
CONTINUA                 1135                 46F
SET_PROX_RELOGIO         1199                 4AF
REDESENHA_CLK            1215                 4BF
FIM_ISRTIM               1225                 4C9
FLAG_REDESENHO           1226                 4CA
CLK_ATUAL                1228                 4CC
LIMPA_VISOR              1230                 4CE
CONTINUA_LV              1236                 4D4
RET_LV                   1250                 4E2
MULTIPLICA               1253                 4E5
MINTOSEG                 1254                 4E6
SOMA_60                  1256                 4E8
REDESENHA_CLKS           1263                 4EF
DESENHA_CLKS             1279                 4FF
LOOP_DESENHO             1279                 4FF
UNIDADES                 1309                 51D
DEZENAS                  1319                 527
UNIDADES_DEZENAS         1327                 52F
INC_CLK_ATUAL            1375                 55F
FIM_REDESENHA_CLKS       1387                 56B
LMP_DISPLAY_CLK          1400                 578
DRAW_SPACES_CLK          1410                 582
CLK_ATUAL_2              1428                 594
POS_DISPLAY              1430                 596
DIVD_INT_10              1434                 59A
LOOP_DIVD_10             1442                 5A2
FIM_DIVD_10              1462                 5B6
CONT                     1471                 5BF
SAVE_DIVD_10             1473                 5C1
MULTP_INT_10             1475                 5C3
LOOP_MULT_10             1479                 5C7
FIM_MULT_10              1495                 5D7
PROD                     1500                 5DC
POS_CURSOR               1502                 5DE
BUFFER                   1504                 5E0
CR                       1506                 5E2
BS                       1508                 5E4
FALSE                    1510                 5E6
TRUE                     1512                 5E8
FLAG_PISCAR_CURSOR       1514                 5EA
LOOP                    32798                801E
